src/routes/userShipRocket.ts(3,1): error TS6133: 'getPincodeAvailability' is declared but its value is never read.
